../Core/Src/main.c:444:5:main	16	static
../Core/Src/main.c:610:6:SystemClock_Config	88	static
../Core/Src/main.c:650:13:MX_ADC1_Init	24	static
../Core/Src/main.c:700:13:MX_ADC2_Init	24	static
../Core/Src/main.c:750:13:MX_I2C1_Init	8	static
../Core/Src/main.c:784:13:MX_TIM1_Init	96	static
../Core/Src/main.c:858:13:MX_TIM2_Init	56	static
../Core/Src/main.c:907:13:MX_TIM3_Init	56	static
../Core/Src/main.c:956:13:MX_TIM4_Init	32	static
../Core/Src/main.c:1002:13:MX_TIM6_Init	16	static
../Core/Src/main.c:1040:13:MX_TIM8_Init	96	static
../Core/Src/main.c:1118:13:MX_USART3_UART_Init	8	static
../Core/Src/main.c:1151:13:MX_GPIO_Init	56	static
../Core/Src/main.c:1221:6:HAL_UART_RxCpltCallback	64	static
../Core/Src/main.c:1342:6:HAL_GPIO_EXTI_Callback	16	static
../Core/Src/main.c:1367:6:IR_Left_Read	8	static
../Core/Src/main.c:1374:6:IR_Right_Read	8	static
../Core/Src/main.c:1381:6:StartIRTask	88	static
../Core/Src/main.c:1421:6:PIDConfigInit	24	static
../Core/Src/main.c:1429:6:PIDConfigReset	16	static
../Core/Src/main.c:1439:6:StraightLineMove	32	static
../Core/Src/main.c:1451:6:StraightLineMoveSpeedScale	32	static
../Core/Src/main.c:1461:6:RobotMoveDist	24	static
../Core/Src/main.c:1497:6:RobotMoveDistObstacle	32	static
../Core/Src/main.c:1540:6:_IR	16	static
../Core/Src/main.c:1566:6:RobotTurn	40	static
../Core/Src/main.c:1581:6:Wait	8	static
../Core/Src/main.c:1593:6:RobotTurnFastest	40	static
../Core/Src/main.c:1608:6:FASTESTPATH_TURN_LEFT_90	8	static
../Core/Src/main.c:1616:6:FASTESTPATH_TURN_RIGHT_90	8	static
../Core/Src/main.c:1625:6:FASTESTPATH_TURN_RIGHT_180	8	static
../Core/Src/main.c:1633:6:FASTESTPATH_TURN_LEFT_90X	16	static
../Core/Src/main.c:1656:6:FASTESTPATH_TURN_LEFT_90X_RETURN	16	static
../Core/Src/main.c:1699:6:FASTESTPATH_TURN_RIGHT_180X	16	static
../Core/Src/main.c:1721:6:RobotMoveUntilIROvershoot	8	static
../Core/Src/main.c:1736:6:RobotMoveUntilIRHit	8	static
../Core/Src/main.c:1760:6:runOledTask	96	static
../Core/Src/main.c:1811:6:runCmdTask	16	static
../Core/Src/main.c:1917:6:runADCTask	24	static
../Core/Src/main.c:1960:6:runMoveDistTask	16	static
../Core/Src/main.c:2029:6:runFastestPathTask	48	static
../Core/Src/main.c:2149:6:runBuzzerTask	16	static
../Core/Src/main.c:2185:6:runFLTask	80	static
../Core/Src/main.c:2259:6:runFRTask	16	static
../Core/Src/main.c:2325:6:runBLTask	16	static
../Core/Src/main.c:2387:6:runBRTask	16	static
../Core/Src/main.c:2540:6:HCSR04_Read	8	static
../Core/Src/main.c:2547:6:delay_us	16	static
../Core/Src/main.c:2554:6:HAL_TIM_IC_CaptureCallback	16	static
../Core/Src/main.c:2583:6:sensorTask	40	static
../Core/Src/main.c:2604:6:setLeftPWM	16	static
../Core/Src/main.c:2608:6:setRightPWM	16	static
../Core/Src/main.c:2612:6:motorStop	8	static
../Core/Src/main.c:2630:6:runBatteryTask	16	static
../Core/Src/main.c:2652:6:runMoveDistObsTask	16	static
../Core/Src/main.c:2678:6:Overshoot_right	32	static
../Core/Src/main.c:2700:6:Overshoot_left	32	static
../Core/Src/main.c:2720:6:Not_Overshoot_right	32	static
../Core/Src/main.c:2740:6:Not_Overshoot_left	32	static
../Core/Src/main.c:2759:6:runFastestPathTask_V2	56	static
../Core/Src/main.c:2985:6:Error_Handler	4	static,ignoring_inline_asm
